---
- hosts: uberspace
  remote_user: trueprog
  tasks:
  - name: Create web directory
    file:
      path: /var/www/virtual/trueprog/itnonschool.net
      state: directory
      owner: trueprog
      group: trueprog
      mode: 0755
  - name: Create symlink
    file:
      src: /var/www/virtual/trueprog/itnonschool.net
      dest: /home/trueprog/itnonschool.net
      state: link
  - name: Create htaccess
    template:
     src: htaccess-template
     dest: /var/www/virtual/trueprog/itnonschool.net/.htaccess
     owner: trueprog
     group: trueprog
     mode: 0644
  - name: Create robots.txt
    template:
      src: robots.template
      dest: /var/www/virtual/trueprog/itnonschool.net/robots.txt
      owner: trueprog
      group: trueprog
      mode: 0644
  - name: Clone repo
    git:
      repo: https://github.com/trueprog/itnonschool
      dest: /home/trueprog/itnonschool
      force: yes
  - name: Bundle install
    shell: RAILS_ENV=production bundle install --clean --deployment --frozen > bundle-install.log
    args:
      chdir: itnonschool/site
  - name: Migrate database
    shell: RAILS_ENV=production bundle exec rake db:migrate > rake-db-migrate.log
    args:
      chdir: itnonschool/site
  - name: Precompile assets
    shell: RAILS_ENV=production bundle exec rake assets:precompile > rake-assets-precompile.log
    args:
      chdir: itnonschool/site
  - name: Create service.d
    template:
      src: services-d-template
      dest: etc/services.d/itnonschool.ini
  - name: Crate service script
    template:
      src: service-template
      dest: bin/itnonschool
      mode: 755
  - name: Start service
    shell: |
      supervisorctl reread
      supervisorctl update
      supervisorctl start

